// Jest Snapshot v1, https://goo.gl/fbAQLP

exports[`Not Found Page renders correctly 1`] = `
<div
  class="container text-center flex flex-col justify-center items-center gap-8"
>
  <div
    class="row"
  >
    <div
      class="col"
    >
      <h1
        class="text-5xl sm:text-[6rem] font-bold tracking-tighter"
      >
        404
      </h1>
    </div>
  </div>
  <div
    class="row"
  >
    <div
      class="col"
    >
      The following page doesn't exist: /mock-path
    </div>
  </div>
  <div
    class="row"
  >
    <div
      class="col"
    >
      Check out the home page to find what you are looking for
    </div>
  </div>
  <div
    class="row"
  >
    <div
      class="col"
    >
      <a
        class="text-base/9 font-semibold inline-block rounded-lg px-8 py-2 border-2 hover:bg-transparent transition hover:scale-105 hover:shadow-lg bg-light-primary dark:bg-dark-primary text-light-text dark:hover:text-dark-text border-light-primary dark:border-dark-primary  "
        data-headlessui-state=""
        href="/"
        type="button"
      >
        Back to home
      </a>
    </div>
  </div>
</div>
`;
